Archive member included because of file (symbol)

c:/winavr-20100110/bin/../lib/gcc/avr/4.3.3/avr5\libgcc.a(_mulsi3.o)
                              ./UART.o (__mulsi3)
c:/winavr-20100110/bin/../lib/gcc/avr/4.3.3/avr5\libgcc.a(_divmodhi4.o)
                              ./DC_Motor.o (__divmodhi4)
c:/winavr-20100110/bin/../lib/gcc/avr/4.3.3/avr5\libgcc.a(_udivmodsi4.o)
                              ./UART.o (__udivmodsi4)
c:/winavr-20100110/bin/../lib/gcc/avr/4.3.3/avr5\libgcc.a(_exit.o)
                              c:/winavr-20100110/bin/../lib/gcc/avr/4.3.3/../../../../avr/lib/avr5/crtm16.o (exit)
c:/winavr-20100110/bin/../lib/gcc/avr/4.3.3/avr5\libgcc.a(_copy_data.o)
                              ./main.o (__do_copy_data)
c:/winavr-20100110/bin/../lib/gcc/avr/4.3.3/avr5\libgcc.a(_clear_bss.o)
                              ./Buzzer.o (__do_clear_bss)
c:/winavr-20100110/bin/../lib/gcc/avr/4.3.3/avr5\libgcc.a(_udivmodhi4.o)
                              c:/winavr-20100110/bin/../lib/gcc/avr/4.3.3/avr5\libgcc.a(_divmodhi4.o) (__udivmodhi4)

Memory Configuration

Name             Origin             Length             Attributes
text             0x00000000         0x00020000         xr
data             0x00800060         0x0000ffa0         rw !x
eeprom           0x00810000         0x00010000         rw !x
fuse             0x00820000         0x00000400         rw !x
lock             0x00830000         0x00000400         rw !x
signature        0x00840000         0x00000400         rw !x
*default*        0x00000000         0xffffffff

Linker script and memory map

LOAD c:/winavr-20100110/bin/../lib/gcc/avr/4.3.3/../../../../avr/lib/avr5/crtm16.o
LOAD ./Buzzer.o
LOAD ./DC_Motor.o
LOAD ./Operations_II.o
LOAD ./PWM.o
LOAD ./Timers.o
LOAD ./UART.o
LOAD ./gpio.o
LOAD ./main.o
LOAD c:/winavr-20100110/bin/../lib/gcc/avr/4.3.3/avr5\libgcc.a
LOAD c:/winavr-20100110/bin/../lib/gcc/avr/4.3.3/../../../../avr/lib/avr5\libc.a
LOAD c:/winavr-20100110/bin/../lib/gcc/avr/4.3.3/avr5\libgcc.a

.hash
 *(.hash)

.dynsym
 *(.dynsym)

.dynstr
 *(.dynstr)

.gnu.version
 *(.gnu.version)

.gnu.version_d
 *(.gnu.version_d)

.gnu.version_r
 *(.gnu.version_r)

.rel.init
 *(.rel.init)

.rela.init
 *(.rela.init)

.rel.text
 *(.rel.text)
 *(.rel.text.*)
 *(.rel.gnu.linkonce.t*)

.rela.text
 *(.rela.text)
 *(.rela.text.*)
 *(.rela.gnu.linkonce.t*)

.rel.fini
 *(.rel.fini)

.rela.fini
 *(.rela.fini)

.rel.rodata
 *(.rel.rodata)
 *(.rel.rodata.*)
 *(.rel.gnu.linkonce.r*)

.rela.rodata
 *(.rela.rodata)
 *(.rela.rodata.*)
 *(.rela.gnu.linkonce.r*)

.rel.data
 *(.rel.data)
 *(.rel.data.*)
 *(.rel.gnu.linkonce.d*)

.rela.data
 *(.rela.data)
 *(.rela.data.*)
 *(.rela.gnu.linkonce.d*)

.rel.ctors
 *(.rel.ctors)

.rela.ctors
 *(.rela.ctors)

.rel.dtors
 *(.rel.dtors)

.rela.dtors
 *(.rela.dtors)

.rel.got
 *(.rel.got)

.rela.got
 *(.rela.got)

.rel.bss
 *(.rel.bss)

.rela.bss
 *(.rela.bss)

.rel.plt
 *(.rel.plt)

.rela.plt
 *(.rela.plt)

.text           0x00000000     0x187a
 *(.vectors)
 .vectors       0x00000000       0x54 c:/winavr-20100110/bin/../lib/gcc/avr/4.3.3/../../../../avr/lib/avr5/crtm16.o
                0x00000000                __vectors
                0x00000000                __vector_default
 *(.vectors)
 *(.progmem.gcc*)
 *(.progmem*)
                0x00000054                . = ALIGN (0x2)
                0x00000054                __trampolines_start = .
 *(.trampolines)
 .trampolines   0x00000054        0x0 linker stubs
 *(.trampolines*)
                0x00000054                __trampolines_end = .
 *(.jumptables)
 *(.jumptables*)
 *(.lowtext)
 *(.lowtext*)
                0x00000054                __ctors_start = .
 *(.ctors)
                0x00000054                __ctors_end = .
                0x00000054                __dtors_start = .
 *(.dtors)
                0x00000054                __dtors_end = .
 SORT(*)(.ctors)
 SORT(*)(.dtors)
 *(.init0)
 .init0         0x00000054        0x0 c:/winavr-20100110/bin/../lib/gcc/avr/4.3.3/../../../../avr/lib/avr5/crtm16.o
                0x00000054                __init
 *(.init0)
 *(.init1)
 *(.init1)
 *(.init2)
 .init2         0x00000054        0xc c:/winavr-20100110/bin/../lib/gcc/avr/4.3.3/../../../../avr/lib/avr5/crtm16.o
 *(.init2)
 *(.init3)
 *(.init3)
 *(.init4)
 .init4         0x00000060       0x16 c:/winavr-20100110/bin/../lib/gcc/avr/4.3.3/avr5\libgcc.a(_copy_data.o)
                0x00000060                __do_copy_data
 .init4         0x00000076       0x10 c:/winavr-20100110/bin/../lib/gcc/avr/4.3.3/avr5\libgcc.a(_clear_bss.o)
                0x00000076                __do_clear_bss
 *(.init4)
 *(.init5)
 *(.init5)
 *(.init6)
 *(.init6)
 *(.init7)
 *(.init7)
 *(.init8)
 *(.init8)
 *(.init9)
 .init9         0x00000086        0x8 c:/winavr-20100110/bin/../lib/gcc/avr/4.3.3/../../../../avr/lib/avr5/crtm16.o
 *(.init9)
 *(.text)
 .text          0x0000008e        0x4 c:/winavr-20100110/bin/../lib/gcc/avr/4.3.3/../../../../avr/lib/avr5/crtm16.o
                0x0000008e                __vector_1
                0x0000008e                __vector_12
                0x0000008e                __bad_interrupt
                0x0000008e                __vector_11
                0x0000008e                __vector_13
                0x0000008e                __vector_17
                0x0000008e                __vector_5
                0x0000008e                __vector_2
                0x0000008e                __vector_15
                0x0000008e                __vector_8
                0x0000008e                __vector_14
                0x0000008e                __vector_10
                0x0000008e                __vector_16
                0x0000008e                __vector_18
                0x0000008e                __vector_20
 .text          0x00000092        0x0 ./Buzzer.o
 .text          0x00000092        0x0 ./DC_Motor.o
 .text          0x00000092        0x0 ./Operations_II.o
 .text          0x00000092        0x0 ./PWM.o
 .text          0x00000092        0x0 ./Timers.o
 .text          0x00000092        0x0 ./UART.o
 .text          0x00000092        0x0 ./gpio.o
 .text          0x00000092        0x0 ./main.o
 .text          0x00000092        0x0 c:/winavr-20100110/bin/../lib/gcc/avr/4.3.3/avr5\libgcc.a(_mulsi3.o)
 .text          0x00000092        0x0 c:/winavr-20100110/bin/../lib/gcc/avr/4.3.3/avr5\libgcc.a(_divmodhi4.o)
 .text          0x00000092        0x0 c:/winavr-20100110/bin/../lib/gcc/avr/4.3.3/avr5\libgcc.a(_udivmodsi4.o)
 .text          0x00000092        0x0 c:/winavr-20100110/bin/../lib/gcc/avr/4.3.3/avr5\libgcc.a(_exit.o)
 .text          0x00000092        0x0 c:/winavr-20100110/bin/../lib/gcc/avr/4.3.3/avr5\libgcc.a(_copy_data.o)
 .text          0x00000092        0x0 c:/winavr-20100110/bin/../lib/gcc/avr/4.3.3/avr5\libgcc.a(_clear_bss.o)
 .text          0x00000092        0x0 c:/winavr-20100110/bin/../lib/gcc/avr/4.3.3/avr5\libgcc.a(_udivmodhi4.o)
                0x00000092                . = ALIGN (0x2)
 *(.text.*)
 .text.BUZZER_init
                0x00000092       0x3a ./Buzzer.o
                0x00000092                BUZZER_init
 .text.BUZZER_ON
                0x000000cc       0x1e ./Buzzer.o
                0x000000cc                BUZZER_ON
 .text.BUZZER_OFF
                0x000000ea       0x1e ./Buzzer.o
                0x000000ea                BUZZER_OFF
 .text.DC_MOTOR_Init
                0x00000108       0x36 ./DC_Motor.o
                0x00000108                DC_MOTOR_Init
 .text.DC_MOTOR_Rotate
                0x0000013e       0xbe ./DC_Motor.o
                0x0000013e                DC_MOTOR_Rotate
 .text.OPERATIONS_II_Motor
                0x000001fc       0xf2 ./Operations_II.o
                0x000001fc                OPERATIONS_II_Motor
 .text.OPERATIONS_II_Buzzer
                0x000002ee       0x50 ./Operations_II.o
                0x000002ee                OPERATIONS_II_Buzzer
 .text.OPERATIONS_II_UART_HANDLE
                0x0000033e       0x7c ./Operations_II.o
                0x0000033e                OPERATIONS_II_UART_HANDLE
 .text.PWM_Timer0_Start
                0x000003ba       0x80 ./PWM.o
                0x000003ba                PWM_Timer0_Start
 .text.__vector_9
                0x0000043a       0x66 ./Timers.o
                0x0000043a                __vector_9
 .text.__vector_19
                0x000004a0       0x66 ./Timers.o
                0x000004a0                __vector_19
 .text.__vector_6
                0x00000506       0x66 ./Timers.o
                0x00000506                __vector_6
 .text.__vector_7
                0x0000056c       0x66 ./Timers.o
                0x0000056c                __vector_7
 .text.__vector_4
                0x000005d2       0x66 ./Timers.o
                0x000005d2                __vector_4
 .text.__vector_3
                0x00000638       0x66 ./Timers.o
                0x00000638                __vector_3
 .text.Timer_init
                0x0000069e      0x31e ./Timers.o
                0x0000069e                Timer_init
 .text.Timer_Deinit
                0x000009bc       0xc4 ./Timers.o
                0x000009bc                Timer_Deinit
 .text.Timer0_setCallBack
                0x00000a80       0x24 ./Timers.o
                0x00000a80                Timer0_setCallBack
 .text.Timer1_setCallBack
                0x00000aa4       0x24 ./Timers.o
                0x00000aa4                Timer1_setCallBack
 .text.Timer2_setCallBack
                0x00000ac8       0x24 ./Timers.o
                0x00000ac8                Timer2_setCallBack
 .text.UART_Init
                0x00000aec      0x47e ./UART.o
                0x00000aec                UART_Init
 .text.UART_sendByte
                0x00000f6a       0x2e ./UART.o
                0x00000f6a                UART_sendByte
 .text.UART_receiveByte
                0x00000f98       0x1e ./UART.o
                0x00000f98                UART_receiveByte
 .text.UART_sendString
                0x00000fb6       0x52 ./UART.o
                0x00000fb6                UART_sendString
 .text.UART_receiveString
                0x00001008       0x86 ./UART.o
                0x00001008                UART_receiveString
 .text.GPIO_setupPinDirection
                0x0000108e      0x1d6 ./gpio.o
                0x0000108e                GPIO_setupPinDirection
 .text.GPIO_writePin
                0x00001264      0x1d6 ./gpio.o
                0x00001264                GPIO_writePin
 .text.GPIO_readPin
                0x0000143a      0x104 ./gpio.o
                0x0000143a                GPIO_readPin
 .text.GPIO_setupPortDirection
                0x0000153e       0x88 ./gpio.o
                0x0000153e                GPIO_setupPortDirection
 .text.GPIO_writePort
                0x000015c6       0x88 ./gpio.o
                0x000015c6                GPIO_writePort
 .text.GPIO_readPort
                0x0000164e       0x98 ./gpio.o
                0x0000164e                GPIO_readPort
 .text.main     0x000016e6       0xc0 ./main.o
                0x000016e6                main
 .text.libgcc   0x000017a6       0x3e c:/winavr-20100110/bin/../lib/gcc/avr/4.3.3/avr5\libgcc.a(_mulsi3.o)
                0x000017a6                __mulsi3
 .text.libgcc   0x000017e4       0x26 c:/winavr-20100110/bin/../lib/gcc/avr/4.3.3/avr5\libgcc.a(_divmodhi4.o)
                0x000017e4                __divmodhi4
                0x000017e4                _div
 .text.libgcc   0x0000180a       0x44 c:/winavr-20100110/bin/../lib/gcc/avr/4.3.3/avr5\libgcc.a(_udivmodsi4.o)
                0x0000180a                __udivmodsi4
 .text.libgcc   0x0000184e        0x0 c:/winavr-20100110/bin/../lib/gcc/avr/4.3.3/avr5\libgcc.a(_exit.o)
 .text.libgcc   0x0000184e        0x0 c:/winavr-20100110/bin/../lib/gcc/avr/4.3.3/avr5\libgcc.a(_copy_data.o)
 .text.libgcc   0x0000184e        0x0 c:/winavr-20100110/bin/../lib/gcc/avr/4.3.3/avr5\libgcc.a(_clear_bss.o)
 .text.libgcc   0x0000184e       0x28 c:/winavr-20100110/bin/../lib/gcc/avr/4.3.3/avr5\libgcc.a(_udivmodhi4.o)
                0x0000184e                __udivmodhi4
                0x00001876                . = ALIGN (0x2)
 *(.fini9)
 .fini9         0x00001876        0x0 c:/winavr-20100110/bin/../lib/gcc/avr/4.3.3/avr5\libgcc.a(_exit.o)
                0x00001876                exit
                0x00001876                _exit
 *(.fini9)
 *(.fini8)
 *(.fini8)
 *(.fini7)
 *(.fini7)
 *(.fini6)
 *(.fini6)
 *(.fini5)
 *(.fini5)
 *(.fini4)
 *(.fini4)
 *(.fini3)
 *(.fini3)
 *(.fini2)
 *(.fini2)
 *(.fini1)
 *(.fini1)
 *(.fini0)
 .fini0         0x00001876        0x4 c:/winavr-20100110/bin/../lib/gcc/avr/4.3.3/avr5\libgcc.a(_exit.o)
 *(.fini0)
                0x0000187a                _etext = .

.data           0x00800060       0x10 load address 0x0000187a
                0x00800060                PROVIDE (__data_start, .)
 *(.data)
 .data          0x00800060        0x0 c:/winavr-20100110/bin/../lib/gcc/avr/4.3.3/../../../../avr/lib/avr5/crtm16.o
 .data          0x00800060        0x0 ./Buzzer.o
 .data          0x00800060        0x0 ./DC_Motor.o
 .data          0x00800060        0x0 ./Operations_II.o
 .data          0x00800060        0x0 ./PWM.o
 .data          0x00800060        0x0 ./Timers.o
 .data          0x00800060        0x0 ./UART.o
 .data          0x00800060        0x0 ./gpio.o
 .data          0x00800060        0x0 ./main.o
 .data          0x00800060        0x0 c:/winavr-20100110/bin/../lib/gcc/avr/4.3.3/avr5\libgcc.a(_mulsi3.o)
 .data          0x00800060        0x0 c:/winavr-20100110/bin/../lib/gcc/avr/4.3.3/avr5\libgcc.a(_divmodhi4.o)
 .data          0x00800060        0x0 c:/winavr-20100110/bin/../lib/gcc/avr/4.3.3/avr5\libgcc.a(_udivmodsi4.o)
 .data          0x00800060        0x0 c:/winavr-20100110/bin/../lib/gcc/avr/4.3.3/avr5\libgcc.a(_exit.o)
 .data          0x00800060        0x0 c:/winavr-20100110/bin/../lib/gcc/avr/4.3.3/avr5\libgcc.a(_copy_data.o)
 .data          0x00800060        0x0 c:/winavr-20100110/bin/../lib/gcc/avr/4.3.3/avr5\libgcc.a(_clear_bss.o)
 .data          0x00800060        0x0 c:/winavr-20100110/bin/../lib/gcc/avr/4.3.3/avr5\libgcc.a(_udivmodhi4.o)
 *(.data*)
 *(.rodata)
 *(.rodata*)
 .rodata.C.1.1402
                0x00800060        0x9 ./main.o
 .rodata.C.0.1401
                0x00800069        0x7 ./main.o
 *(.gnu.linkonce.d*)
                0x00800070                . = ALIGN (0x2)
                0x00800070                _edata = .
                0x00800070                PROVIDE (__data_end, .)

.bss            0x00800070       0x12
                0x00800070                PROVIDE (__bss_start, .)
 *(.bss)
 .bss           0x00800070        0x0 c:/winavr-20100110/bin/../lib/gcc/avr/4.3.3/../../../../avr/lib/avr5/crtm16.o
 .bss           0x00800070        0x0 ./Buzzer.o
 .bss           0x00800070        0x0 ./DC_Motor.o
 .bss           0x00800070        0x0 ./Operations_II.o
 .bss           0x00800070        0x0 ./PWM.o
 .bss           0x00800070        0x0 ./Timers.o
 .bss           0x00800070        0x0 ./UART.o
 .bss           0x00800070        0x0 ./gpio.o
 .bss           0x00800070        0x0 ./main.o
 .bss           0x00800070        0x0 c:/winavr-20100110/bin/../lib/gcc/avr/4.3.3/avr5\libgcc.a(_mulsi3.o)
 .bss           0x00800070        0x0 c:/winavr-20100110/bin/../lib/gcc/avr/4.3.3/avr5\libgcc.a(_divmodhi4.o)
 .bss           0x00800070        0x0 c:/winavr-20100110/bin/../lib/gcc/avr/4.3.3/avr5\libgcc.a(_udivmodsi4.o)
 .bss           0x00800070        0x0 c:/winavr-20100110/bin/../lib/gcc/avr/4.3.3/avr5\libgcc.a(_exit.o)
 .bss           0x00800070        0x0 c:/winavr-20100110/bin/../lib/gcc/avr/4.3.3/avr5\libgcc.a(_copy_data.o)
 .bss           0x00800070        0x0 c:/winavr-20100110/bin/../lib/gcc/avr/4.3.3/avr5\libgcc.a(_clear_bss.o)
 .bss           0x00800070        0x0 c:/winavr-20100110/bin/../lib/gcc/avr/4.3.3/avr5\libgcc.a(_udivmodhi4.o)
 *(.bss*)
 .bss.g_buzzer_port
                0x00800070        0x1 ./Buzzer.o
 .bss.g_buzzer_pin
                0x00800071        0x1 ./Buzzer.o
 .bss.g_Interrupts_number
                0x00800072        0x2 ./Operations_II.o
                0x00800072                g_Interrupts_number
 .bss.flag.1374
                0x00800074        0x1 ./Operations_II.o
 .bss.counter.1373
                0x00800075        0x2 ./Operations_II.o
 .bss.counter.1403
                0x00800077        0x2 ./Operations_II.o
 .bss.g_Timer0_callBackPtr
                0x00800079        0x2 ./Timers.o
 .bss.g_Timer1_callBackPtr
                0x0080007b        0x2 ./Timers.o
 .bss.g_Timer2_callBackPtr
                0x0080007d        0x2 ./Timers.o
 .bss.g_UBRR_value
                0x0080007f        0x2 ./UART.o
                0x0080007f                g_UBRR_value
 .bss.g_speed_mode_division_factor
                0x00800081        0x1 ./UART.o
                0x00800081                g_speed_mode_division_factor
 *(COMMON)
                0x00800082                PROVIDE (__bss_end, .)
                0x0000187a                __data_load_start = LOADADDR (.data)
                0x0000188a                __data_load_end = (__data_load_start + SIZEOF (.data))

.noinit         0x00800082        0x0
                0x00800082                PROVIDE (__noinit_start, .)
 *(.noinit*)
                0x00800082                PROVIDE (__noinit_end, .)
                0x00800082                _end = .
                0x00800082                PROVIDE (__heap_start, .)

.eeprom         0x00810000        0x0
 *(.eeprom*)
                0x00810000                __eeprom_end = .

.fuse
 *(.fuse)
 *(.lfuse)
 *(.hfuse)
 *(.efuse)

.lock
 *(.lock*)

.signature
 *(.signature*)

.stab           0x00000000     0x20dc
 *(.stab)
 .stab          0x00000000      0x2ac ./Buzzer.o
 .stab          0x000002ac      0x240 ./DC_Motor.o
                                0x318 (size before relaxing)
 .stab          0x000004ec      0x714 ./Operations_II.o
                                0x7d4 (size before relaxing)
 .stab          0x00000c00      0x1e0 ./PWM.o
                                0x468 (size before relaxing)
 .stab          0x00000de0      0x600 ./Timers.o
                                0x930 (size before relaxing)
 .stab          0x000013e0      0x570 ./UART.o
                                0x87c (size before relaxing)
 .stab          0x00001950      0x5a0 ./gpio.o
                                0x828 (size before relaxing)
 .stab          0x00001ef0      0x1ec ./main.o
                                0x600 (size before relaxing)

.stabstr        0x00000000     0x155d
 *(.stabstr)
 .stabstr       0x00000000     0x155d ./Buzzer.o

.stab.excl
 *(.stab.excl)

.stab.exclstr
 *(.stab.exclstr)

.stab.index
 *(.stab.index)

.stab.indexstr
 *(.stab.indexstr)

.comment
 *(.comment)

.debug
 *(.debug)

.line
 *(.line)

.debug_srcinfo
 *(.debug_srcinfo)

.debug_sfnames
 *(.debug_sfnames)

.debug_aranges
 *(.debug_aranges)

.debug_pubnames
 *(.debug_pubnames)

.debug_info
 *(.debug_info)
 *(.gnu.linkonce.wi.*)

.debug_abbrev
 *(.debug_abbrev)

.debug_line
 *(.debug_line)

.debug_frame
 *(.debug_frame)

.debug_str
 *(.debug_str)

.debug_loc
 *(.debug_loc)

.debug_macinfo
 *(.debug_macinfo)
OUTPUT(Final_Projcet_II.elf elf32-avr)
LOAD linker stubs
